db > Table 'users' created with 3 columns.
Executed.
db > Using table 'users'.
Executed.
db > Executed.
db > Executed.
db > Invalid key.
Executed.
db > Invalid key.
Executed.
db > 